// Jest Snapshot v1, https://goo.gl/fbAQLP

exports[`Main correctly renders 1`] = `
Array [
  <Header />,
  <main
    className="page__main page__main--index"
  >
    <h1
      className="visually-hidden"
    >
      Cities
    </h1>
    <div
      className="cities tabs"
    >
      <section
        className="locations container"
      >
        <ul
          className="locations__list tabs__list"
        >
          <li
            className="locations__item"
          >
            <a
              className="locations__item-link tabs__item tabs__item--active"
              onClick={[Function]}
            >
              <span>
                Paris
              </span>
            </a>
          </li>
          <li
            className="locations__item"
          >
            <a
              className="locations__item-link tabs__item "
              onClick={[Function]}
            >
              <span>
                Cologne
              </span>
            </a>
          </li>
        </ul>
      </section>
    </div>
    <div
      className="cities__places-wrapper"
    >
      <div
        className="cities__places-container container"
      >
        <section
          className="cities__places places"
        >
          <h2
            className="visually-hidden"
          >
            Places
          </h2>
          <b
            className="places__found"
          >
            2 places to stay in Paris
          </b>
          <form
            action="#"
            className="places__sorting"
            method="get"
          >
            <span
              className="places__sorting-caption"
            >
              Sort by
            </span>
            <span
              className="places__sorting-type"
              tabIndex="0"
            >
              Popular
              <svg
                className="places__sorting-arrow"
                height="4"
                width="7"
              >
                <use
                  xlinkHref="#icon-arrow-select"
                />
              </svg>
            </span>
            <ul
              className="places__options places__options--custom places__options--opened"
            >
              <li
                className="places__option places__option--active"
                tabIndex="0"
              >
                Popular
              </li>
              <li
                className="places__option"
                tabIndex="0"
              >
                Price: low to high
              </li>
              <li
                className="places__option"
                tabIndex="0"
              >
                Price: high to low
              </li>
              <li
                className="places__option"
                tabIndex="0"
              >
                Top rated first
              </li>
            </ul>
          </form>
          <OffersList
            activeItem=""
            offers={
              Array [
                Object {
                  "city": Object {
                    "location": Array [
                      52.38333,
                      4.9,
                    ],
                    "name": "Paris",
                  },
                  "id": 0,
                  "isBookmarked": false,
                  "isPremium": false,
                  "location": Array [
                    52.3909553943508,
                    4.85309666406198,
                  ],
                  "previewImage": "img/apartment-01.jpg",
                  "price": 150,
                  "rating": 9,
                  "title": "Beautiful & luxurious apartment at great location",
                  "type": "Apartment",
                },
                Object {
                  "city": Object {
                    "location": Array [
                      52.38333,
                      4.9,
                    ],
                    "name": "Paris",
                  },
                  "id": 1,
                  "isBookmarked": true,
                  "isPremium": true,
                  "location": Array [
                    52.3695553943508,
                    4.85309666406198,
                  ],
                  "previewImage": "img/apartment-02.jpg",
                  "price": 200,
                  "rating": 9.5,
                  "title": "Wood and stone place",
                  "type": "Private room",
                },
              ]
            }
            setActiveItem={[Function]}
          />
        </section>
        <div
          className="cities__right-section"
        >
          <Map />
        </div>
      </div>
    </div>
  </main>,
]
`;
